Running from: /home/robin/Teedy/jenkins.war
webroot: /home/robin/.jenkins/war
2026-05-25 16:59:55.274+0000 [id=1]	INFO	winstone.Logger#logInternal: Beginning extraction from war file
2026-05-25 16:59:55.315+0000 [id=1]	WARNING	o.e.j.ee9.nested.ContextHandler#setContextPath: Empty contextPath
2026-05-25 16:59:55.349+0000 [id=1]	INFO	org.eclipse.jetty.server.Server#doStart: jetty-12.1.8; built: 2026-04-01T01:09:18.991Z; git: c9cdc9aaa434a3665b8a53b4d1cc3684992da649; jvm 21.0.10+7-Ubuntu-124.04
2026-05-25 16:59:55.618+0000 [id=1]	INFO	o.e.j.e.w.StandardDescriptorProcessor#visitServlet: NO JSP Support for /, did not find org.eclipse.jetty.ee9.jsp.JettyJspServlet
2026-05-25 16:59:55.646+0000 [id=1]	INFO	o.e.j.s.DefaultSessionIdManager#doStart: Session workerName=node0
2026-05-25 16:59:55.855+0000 [id=1]	INFO	hudson.WebAppMain#contextInitialized: Jenkins home directory: /home/robin/.jenkins found at: $user.home/.jenkins
2026-05-25 16:59:55.919+0000 [id=1]	INFO	o.e.j.s.handler.ContextHandler#doStart: Started oeje9n.ContextHandler$CoreContextHandler@13cda7c9{Jenkins v2.555.2,/,b=file:///home/robin/.jenkins/war/,a=AVAILABLE,h=oeje9n.ContextHandler$CoreContextHandler$CoreToNestedHandler@5aa6202e{STARTED}}
2026-05-25 16:59:55.925+0000 [id=1]	INFO	o.e.j.server.AbstractConnector#doStart: Started oejs.ServerConnector@6c000e0c{HTTP/1.1, (http/1.1)}{0.0.0.0:8080}
2026-05-25 16:59:55.926+0000 [id=1]	INFO	org.eclipse.jetty.server.Server#doStart: Started oejs.Server@5f233b26{STARTING}[12.1.8,sto=0] @578ms
2026-05-25 16:59:55.927+0000 [id=60]	INFO	winstone.Logger#logInternal: Winstone Servlet Engine running: controlPort=disabled
2026-05-25 16:59:55.993+0000 [id=53]	INFO	jenkins.model.Jenkins#<init>: Starting version 2.555.2
2026-05-25 16:59:56.047+0000 [id=66]	INFO	jenkins.InitReactorRunner$1#onAttained: Started initialization
2026-05-25 16:59:56.095+0000 [id=75]	WARNING	hudson.ClassicPluginStrategy#createPluginWrapper: encountered /home/robin/.jenkins/plugins/ant.hpi under a nonstandard name; expected ant.jpi
2026-05-25 16:59:56.096+0000 [id=74]	WARNING	hudson.ClassicPluginStrategy#createPluginWrapper: encountered /home/robin/.jenkins/plugins/apache-httpcomponents-client-4-api.hpi under a nonstandard name; expected apache-httpcomponents-client-4-api.jpi
2026-05-25 16:59:56.097+0000 [id=80]	WARNING	hudson.ClassicPluginStrategy#createPluginWrapper: encountered /home/robin/.jenkins/plugins/bootstrap5-api.hpi under a nonstandard name; expected bootstrap5-api.jpi
2026-05-25 16:59:56.098+0000 [id=80]	WARNING	hudson.ClassicPluginStrategy#createPluginWrapper: encountered /home/robin/.jenkins/plugins/branch-api.hpi under a nonstandard name; expected branch-api.jpi
2026-05-25 16:59:56.099+0000 [id=83]	WARNING	hudson.ClassicPluginStrategy#createPluginWrapper: encountered /home/robin/.jenkins/plugins/build-timeout.hpi under a nonstandard name; expected build-timeout.jpi
2026-05-25 16:59:56.099+0000 [id=83]	WARNING	hudson.ClassicPluginStrategy#createPluginWrapper: encountered /home/robin/.jenkins/plugins/cloudbees-folder.hpi under a nonstandard name; expected cloudbees-folder.jpi
2026-05-25 16:59:56.100+0000 [id=87]	WARNING	hudson.ClassicPluginStrategy#createPluginWrapper: encountered /home/robin/.jenkins/plugins/credentials-binding.hpi under a nonstandard name; expected credentials-binding.jpi
2026-05-25 16:59:56.101+0000 [id=87]	WARNING	hudson.ClassicPluginStrategy#createPluginWrapper: encountered /home/robin/.jenkins/plugins/dark-theme.hpi under a nonstandard name; expected dark-theme.jpi
2026-05-25 16:59:56.102+0000 [id=89]	WARNING	hudson.ClassicPluginStrategy#createPluginWrapper: encountered /home/robin/.jenkins/plugins/durable-task.hpi under a nonstandard name; expected durable-task.jpi
2026-05-25 16:59:56.103+0000 [id=94]	WARNING	hudson.ClassicPluginStrategy#createPluginWrapper: encountered /home/robin/.jenkins/plugins/echarts-api.hpi under a nonstandard name; expected echarts-api.jpi
2026-05-25 16:59:56.104+0000 [id=94]	WARNING	hudson.ClassicPluginStrategy#createPluginWrapper: encountered /home/robin/.jenkins/plugins/eddsa-api.hpi under a nonstandard name; expected eddsa-api.jpi
2026-05-25 16:59:56.105+0000 [id=93]	WARNING	hudson.ClassicPluginStrategy#createPluginWrapper: encountered /home/robin/.jenkins/plugins/email-ext.hpi under a nonstandard name; expected email-ext.jpi
2026-05-25 16:59:56.106+0000 [id=101]	WARNING	hudson.ClassicPluginStrategy#createPluginWrapper: encountered /home/robin/.jenkins/plugins/font-awesome-api.hpi under a nonstandard name; expected font-awesome-api.jpi
2026-05-25 16:59:56.107+0000 [id=102]	WARNING	hudson.ClassicPluginStrategy#createPluginWrapper: encountered /home/robin/.jenkins/plugins/git-client.hpi under a nonstandard name; expected git-client.jpi
2026-05-25 16:59:56.108+0000 [id=102]	WARNING	hudson.ClassicPluginStrategy#createPluginWrapper: encountered /home/robin/.jenkins/plugins/git.hpi under a nonstandard name; expected git.jpi
2026-05-25 16:59:56.109+0000 [id=104]	WARNING	hudson.ClassicPluginStrategy#createPluginWrapper: encountered /home/robin/.jenkins/plugins/github-api.hpi under a nonstandard name; expected github-api.jpi
2026-05-25 16:59:56.111+0000 [id=76]	WARNING	hudson.ClassicPluginStrategy#createPluginWrapper: encountered /home/robin/.jenkins/plugins/github-branch-source.hpi under a nonstandard name; expected github-branch-source.jpi
2026-05-25 16:59:56.112+0000 [id=76]	WARNING	hudson.ClassicPluginStrategy#createPluginWrapper: encountered /home/robin/.jenkins/plugins/github.hpi under a nonstandard name; expected github.jpi
2026-05-25 16:59:56.113+0000 [id=76]	WARNING	hudson.ClassicPluginStrategy#createPluginWrapper: encountered /home/robin/.jenkins/plugins/gradle.hpi under a nonstandard name; expected gradle.jpi
2026-05-25 16:59:56.114+0000 [id=78]	WARNING	hudson.ClassicPluginStrategy#createPluginWrapper: encountered /home/robin/.jenkins/plugins/gson-api.hpi under a nonstandard name; expected gson-api.jpi
2026-05-25 16:59:56.114+0000 [id=78]	WARNING	hudson.ClassicPluginStrategy#createPluginWrapper: encountered /home/robin/.jenkins/plugins/javadoc.hpi under a nonstandard name; expected javadoc.jpi
2026-05-25 16:59:56.115+0000 [id=71]	WARNING	hudson.ClassicPluginStrategy#createPluginWrapper: encountered /home/robin/.jenkins/plugins/jjwt-api.hpi under a nonstandard name; expected jjwt-api.jpi
2026-05-25 16:59:56.116+0000 [id=71]	WARNING	hudson.ClassicPluginStrategy#createPluginWrapper: encountered /home/robin/.jenkins/plugins/joda-time-api.hpi under a nonstandard name; expected joda-time-api.jpi
2026-05-25 16:59:56.117+0000 [id=79]	WARNING	hudson.ClassicPluginStrategy#createPluginWrapper: encountered /home/robin/.jenkins/plugins/jsch.hpi under a nonstandard name; expected jsch.jpi
2026-05-25 16:59:56.117+0000 [id=84]	WARNING	hudson.ClassicPluginStrategy#createPluginWrapper: encountered /home/robin/.jenkins/plugins/json-api.hpi under a nonstandard name; expected json-api.jpi
2026-05-25 16:59:56.118+0000 [id=83]	WARNING	hudson.ClassicPluginStrategy#createPluginWrapper: encountered /home/robin/.jenkins/plugins/jsoup.hpi under a nonstandard name; expected jsoup.jpi
2026-05-25 16:59:56.119+0000 [id=88]	WARNING	hudson.ClassicPluginStrategy#createPluginWrapper: encountered /home/robin/.jenkins/plugins/ldap.hpi under a nonstandard name; expected ldap.jpi
2026-05-25 16:59:56.119+0000 [id=88]	WARNING	hudson.ClassicPluginStrategy#createPluginWrapper: encountered /home/robin/.jenkins/plugins/localization-support.hpi under a nonstandard name; expected localization-support.jpi
2026-05-25 16:59:56.120+0000 [id=87]	WARNING	hudson.ClassicPluginStrategy#createPluginWrapper: encountered /home/robin/.jenkins/plugins/localization-zh-cn.hpi under a nonstandard name; expected localization-zh-cn.jpi
2026-05-25 16:59:56.121+0000 [id=87]	WARNING	hudson.ClassicPluginStrategy#createPluginWrapper: encountered /home/robin/.jenkins/plugins/mailer.hpi under a nonstandard name; expected mailer.jpi
2026-05-25 16:59:56.121+0000 [id=98]	WARNING	hudson.ClassicPluginStrategy#createPluginWrapper: encountered /home/robin/.jenkins/plugins/matrix-auth.hpi under a nonstandard name; expected matrix-auth.jpi
2026-05-25 16:59:56.122+0000 [id=98]	WARNING	hudson.ClassicPluginStrategy#createPluginWrapper: encountered /home/robin/.jenkins/plugins/matrix-project.hpi under a nonstandard name; expected matrix-project.jpi
2026-05-25 16:59:56.123+0000 [id=98]	WARNING	hudson.ClassicPluginStrategy#createPluginWrapper: encountered /home/robin/.jenkins/plugins/maven-plugin.hpi under a nonstandard name; expected maven-plugin.jpi
2026-05-25 16:59:56.125+0000 [id=103]	WARNING	hudson.ClassicPluginStrategy#createPluginWrapper: encountered /home/robin/.jenkins/plugins/metrics.hpi under a nonstandard name; expected metrics.jpi
2026-05-25 16:59:56.126+0000 [id=103]	WARNING	hudson.ClassicPluginStrategy#createPluginWrapper: encountered /home/robin/.jenkins/plugins/mina-sshd-api-common.hpi under a nonstandard name; expected mina-sshd-api-common.jpi
2026-05-25 16:59:56.127+0000 [id=103]	WARNING	hudson.ClassicPluginStrategy#createPluginWrapper: encountered /home/robin/.jenkins/plugins/mina-sshd-api-core.hpi under a nonstandard name; expected mina-sshd-api-core.jpi
2026-05-25 16:59:56.128+0000 [id=70]	WARNING	hudson.ClassicPluginStrategy#createPluginWrapper: encountered /home/robin/.jenkins/plugins/okhttp-api.hpi under a nonstandard name; expected okhttp-api.jpi
2026-05-25 16:59:56.129+0000 [id=67]	WARNING	hudson.ClassicPluginStrategy#createPluginWrapper: encountered /home/robin/.jenkins/plugins/oss-symbols-api.hpi under a nonstandard name; expected oss-symbols-api.jpi
2026-05-25 16:59:56.131+0000 [id=76]	WARNING	hudson.ClassicPluginStrategy#createPluginWrapper: encountered /home/robin/.jenkins/plugins/pipeline-build-step.hpi under a nonstandard name; expected pipeline-build-step.jpi
2026-05-25 16:59:56.132+0000 [id=65]	WARNING	hudson.ClassicPluginStrategy#createPluginWrapper: encountered /home/robin/.jenkins/plugins/pipeline-github-lib.hpi under a nonstandard name; expected pipeline-github-lib.jpi
2026-05-25 16:59:56.133+0000 [id=75]	WARNING	hudson.ClassicPluginStrategy#createPluginWrapper: encountered /home/robin/.jenkins/plugins/pipeline-graph-view.hpi under a nonstandard name; expected pipeline-graph-view.jpi
2026-05-25 16:59:56.133+0000 [id=74]	WARNING	hudson.ClassicPluginStrategy#createPluginWrapper: encountered /home/robin/.jenkins/plugins/pipeline-groovy-lib.hpi under a nonstandard name; expected pipeline-groovy-lib.jpi
2026-05-25 16:59:56.134+0000 [id=82]	WARNING	hudson.ClassicPluginStrategy#createPluginWrapper: encountered /home/robin/.jenkins/plugins/pipeline-input-step.hpi under a nonstandard name; expected pipeline-input-step.jpi
2026-05-25 16:59:56.134+0000 [id=82]	WARNING	hudson.ClassicPluginStrategy#createPluginWrapper: encountered /home/robin/.jenkins/plugins/pipeline-milestone-step.hpi under a nonstandard name; expected pipeline-milestone-step.jpi
2026-05-25 16:59:56.135+0000 [id=82]	WARNING	hudson.ClassicPluginStrategy#createPluginWrapper: encountered /home/robin/.jenkins/plugins/pipeline-model-api.hpi under a nonstandard name; expected pipeline-model-api.jpi
2026-05-25 16:59:56.136+0000 [id=82]	WARNING	hudson.ClassicPluginStrategy#createPluginWrapper: encountered /home/robin/.jenkins/plugins/pipeline-model-definition.hpi under a nonstandard name; expected pipeline-model-definition.jpi
2026-05-25 16:59:56.137+0000 [id=82]	WARNING	hudson.ClassicPluginStrategy#createPluginWrapper: encountered /home/robin/.jenkins/plugins/pipeline-model-extensions.hpi under a nonstandard name; expected pipeline-model-extensions.jpi
2026-05-25 16:59:56.139+0000 [id=92]	WARNING	hudson.ClassicPluginStrategy#createPluginWrapper: encountered /home/robin/.jenkins/plugins/pipeline-stage-step.hpi under a nonstandard name; expected pipeline-stage-step.jpi
2026-05-25 16:59:56.140+0000 [id=92]	WARNING	hudson.ClassicPluginStrategy#createPluginWrapper: encountered /home/robin/.jenkins/plugins/pipeline-stage-tags-metadata.hpi under a nonstandard name; expected pipeline-stage-tags-metadata.jpi
2026-05-25 16:59:56.141+0000 [id=92]	WARNING	hudson.ClassicPluginStrategy#createPluginWrapper: encountered /home/robin/.jenkins/plugins/plugin-util-api.hpi under a nonstandard name; expected plugin-util-api.jpi
2026-05-25 16:59:56.142+0000 [id=92]	WARNING	hudson.ClassicPluginStrategy#createPluginWrapper: encountered /home/robin/.jenkins/plugins/resource-disposer.hpi under a nonstandard name; expected resource-disposer.jpi
2026-05-25 16:59:56.143+0000 [id=92]	WARNING	hudson.ClassicPluginStrategy#createPluginWrapper: encountered /home/robin/.jenkins/plugins/ssh-slaves.hpi under a nonstandard name; expected ssh-slaves.jpi
2026-05-25 16:59:56.144+0000 [id=92]	WARNING	hudson.ClassicPluginStrategy#createPluginWrapper: encountered /home/robin/.jenkins/plugins/theme-manager.hpi under a nonstandard name; expected theme-manager.jpi
2026-05-25 16:59:56.145+0000 [id=66]	WARNING	hudson.ClassicPluginStrategy#createPluginWrapper: encountered /home/robin/.jenkins/plugins/token-macro.hpi under a nonstandard name; expected token-macro.jpi
2026-05-25 16:59:56.145+0000 [id=69]	WARNING	hudson.ClassicPluginStrategy#createPluginWrapper: encountered /home/robin/.jenkins/plugins/trilead-api.hpi under a nonstandard name; expected trilead-api.jpi
2026-05-25 16:59:56.146+0000 [id=69]	WARNING	hudson.ClassicPluginStrategy#createPluginWrapper: encountered /home/robin/.jenkins/plugins/workflow-aggregator.hpi under a nonstandard name; expected workflow-aggregator.jpi
2026-05-25 16:59:56.147+0000 [id=103]	WARNING	hudson.ClassicPluginStrategy#createPluginWrapper: encountered /home/robin/.jenkins/plugins/workflow-basic-steps.hpi under a nonstandard name; expected workflow-basic-steps.jpi
2026-05-25 16:59:56.148+0000 [id=99]	WARNING	hudson.ClassicPluginStrategy#createPluginWrapper: encountered /home/robin/.jenkins/plugins/workflow-cps.hpi under a nonstandard name; expected workflow-cps.jpi
2026-05-25 16:59:56.149+0000 [id=67]	WARNING	hudson.ClassicPluginStrategy#createPluginWrapper: encountered /home/robin/.jenkins/plugins/workflow-durable-task-step.hpi under a nonstandard name; expected workflow-durable-task-step.jpi
2026-05-25 16:59:56.150+0000 [id=76]	WARNING	hudson.ClassicPluginStrategy#createPluginWrapper: encountered /home/robin/.jenkins/plugins/workflow-job.hpi under a nonstandard name; expected workflow-job.jpi
2026-05-25 16:59:56.150+0000 [id=76]	WARNING	hudson.ClassicPluginStrategy#createPluginWrapper: encountered /home/robin/.jenkins/plugins/workflow-multibranch.hpi under a nonstandard name; expected workflow-multibranch.jpi
2026-05-25 16:59:56.151+0000 [id=74]	WARNING	hudson.ClassicPluginStrategy#createPluginWrapper: encountered /home/robin/.jenkins/plugins/workflow-scm-step.hpi under a nonstandard name; expected workflow-scm-step.jpi
2026-05-25 16:59:56.151+0000 [id=74]	WARNING	hudson.ClassicPluginStrategy#createPluginWrapper: encountered /home/robin/.jenkins/plugins/ws-cleanup.hpi under a nonstandard name; expected ws-cleanup.jpi
2026-05-25 16:59:56.156+0000 [id=86]	INFO	jenkins.InitReactorRunner$1#onAttained: Listed all plugins
2026-05-25 16:59:57.936+0000 [id=88]	INFO	jenkins.InitReactorRunner$1#onAttained: Prepared all plugins
2026-05-25 16:59:57.944+0000 [id=103]	INFO	jenkins.InitReactorRunner$1#onAttained: Started all plugins
2026-05-25 16:59:57.945+0000 [id=86]	INFO	jenkins.InitReactorRunner$1#onAttained: Augmented all extensions
2026-05-25 16:59:58.134+0000 [id=85]	INFO	h.p.b.g.GlobalTimeOutConfiguration#load: global timeout not set
2026-05-25 16:59:58.510+0000 [id=87]	INFO	jenkins.InitReactorRunner$1#onAttained: System config loaded
2026-05-25 16:59:58.510+0000 [id=87]	INFO	jenkins.InitReactorRunner$1#onAttained: System config adapted
2026-05-25 16:59:58.541+0000 [id=69]	INFO	jenkins.InitReactorRunner$1#onAttained: Loaded all jobs
2026-05-25 16:59:58.546+0000 [id=73]	INFO	jenkins.InitReactorRunner$1#onAttained: Configuration for all jobs updated
2026-05-25 16:59:58.549+0000 [id=80]	INFO	j.util.groovy.GroovyHookScript#execute: Executing /home/robin/.jenkins/init.groovy.d/setup.groovy
[init.groovy.d/setup.groovy] Jenkins URL set to http://localhost:8080/
2026-05-25 16:59:58.735+0000 [id=80]	INFO	jenkins.InitReactorRunner$1#onAttained: Completed initialization
2026-05-25 16:59:58.758+0000 [id=53]	INFO	hudson.lifecycle.Lifecycle#onReady: Jenkins is fully up and running
